  Determining projects to restore...
  All projects are up-to-date for restore.
C:\Users\ELECTRO-RIMO\Desktop\Games Mods\Oxygen Not Included\Multiplayer Trade Mod\src\Shared\MP_Timer.cs(24,26): warning CS8632: The annotation for nullable reference types should only be used in code within a '#nullable' annotations context. [C:\Users\ELECTRO-RIMO\Desktop\Games Mods\Oxygen Not Included\Multiplayer Trade Mod\MultiplayerTrade.csproj]
C:\Users\ELECTRO-RIMO\Desktop\Games Mods\Oxygen Not Included\Multiplayer Trade Mod\src\UI\lib\FUI\GridLayoutSizeAdjustment.cs(15,19): warning CS0649: Field 'GridLayoutSizeAdjustment.referencedLayoutGroup' is never assigned to, and will always have its default value null [C:\Users\ELECTRO-RIMO\Desktop\Games Mods\Oxygen Not Included\Multiplayer Trade Mod\MultiplayerTrade.csproj]
C:\Users\ELECTRO-RIMO\Desktop\Games Mods\Oxygen Not Included\Multiplayer Trade Mod\src\UI\lib\FUI\FButton.cs(24,18): warning CS0649: Field 'FButton.button' is never assigned to, and will always have its default value null [C:\Users\ELECTRO-RIMO\Desktop\Games Mods\Oxygen Not Included\Multiplayer Trade Mod\MultiplayerTrade.csproj]
C:\Users\ELECTRO-RIMO\Desktop\Games Mods\Oxygen Not Included\Multiplayer Trade Mod\src\UI\lib\FUI\FSlider.cs(17,17): warning CS0169: The field 'FSlider.lastMoveValue' is never used [C:\Users\ELECTRO-RIMO\Desktop\Games Mods\Oxygen Not Included\Multiplayer Trade Mod\MultiplayerTrade.csproj]
C:\Users\ELECTRO-RIMO\Desktop\Games Mods\Oxygen Not Included\Multiplayer Trade Mod\src\UI\lib\FUI\GridLayoutSizeAdjustment.cs(17,17): warning CS0649: Field 'GridLayoutSizeAdjustment.rectTransform' is never assigned to, and will always have its default value null [C:\Users\ELECTRO-RIMO\Desktop\Games Mods\Oxygen Not Included\Multiplayer Trade Mod\MultiplayerTrade.csproj]
C:\Users\ELECTRO-RIMO\Desktop\Games Mods\Oxygen Not Included\Multiplayer Trade Mod\src\UI\lib\FUI\FSlider.cs(16,17): warning CS0169: The field 'FSlider.lastMoveTime' is never used [C:\Users\ELECTRO-RIMO\Desktop\Games Mods\Oxygen Not Included\Multiplayer Trade Mod\MultiplayerTrade.csproj]
C:\Users\ELECTRO-RIMO\Desktop\Games Mods\Oxygen Not Included\Multiplayer Trade Mod\src\UI\lib\FUI\FSlider.cs(18,16): warning CS0169: The field 'FSlider.playedBoundaryBump' is never used [C:\Users\ELECTRO-RIMO\Desktop\Games Mods\Oxygen Not Included\Multiplayer Trade Mod\MultiplayerTrade.csproj]
C:\Users\ELECTRO-RIMO\Desktop\Games Mods\Oxygen Not Included\Multiplayer Trade Mod\src\UI\lib\TMPConversion\TMPImportFix.cs(23,19): warning CS0649: Field 'TMPImportFix.text' is never assigned to, and will always have its default value null [C:\Users\ELECTRO-RIMO\Desktop\Games Mods\Oxygen Not Included\Multiplayer Trade Mod\MultiplayerTrade.csproj]
C:\Users\ELECTRO-RIMO\Desktop\Games Mods\Oxygen Not Included\Multiplayer Trade Mod\src\UI\lib\FUI\FToggleButton.cs(24,18): warning CS0649: Field 'FToggleButton.button' is never assigned to, and will always have its default value null [C:\Users\ELECTRO-RIMO\Desktop\Games Mods\Oxygen Not Included\Multiplayer Trade Mod\MultiplayerTrade.csproj]
C:\Users\ELECTRO-RIMO\Desktop\Games Mods\Oxygen Not Included\Multiplayer Trade Mod\src\UI\lib\FUI\FSlider.cs(15,26): warning CS0414: The field 'FSlider.movePlayRate' is assigned but its value is never used [C:\Users\ELECTRO-RIMO\Desktop\Games Mods\Oxygen Not Included\Multiplayer Trade Mod\MultiplayerTrade.csproj]
C:\Users\ELECTRO-RIMO\Desktop\Games Mods\Oxygen Not Included\Multiplayer Trade Mod\src\UI\UnityMultiplayerScreen.cs(330,7): warning CS0414: The field 'UnityMultiplayerScreen.secondsPassed' is assigned but its value is never used [C:\Users\ELECTRO-RIMO\Desktop\Games Mods\Oxygen Not Included\Multiplayer Trade Mod\MultiplayerTrade.csproj]
C:\Users\ELECTRO-RIMO\Desktop\Games Mods\Oxygen Not Included\Multiplayer Trade Mod\src\UI\lib\FUI\FDialog.cs(14,12): warning CS0414: The field 'FScreen.ConsumeMouseScroll' is assigned but its value is never used [C:\Users\ELECTRO-RIMO\Desktop\Games Mods\Oxygen Not Included\Multiplayer Trade Mod\MultiplayerTrade.csproj]
C:\Users\ELECTRO-RIMO\Desktop\Games Mods\Oxygen Not Included\Multiplayer Trade Mod\src\UI\lib\FUI\FInputField2.cs(23,16): warning CS0414: The field 'FInputField2.DataTextUpdate' is assigned but its value is never used [C:\Users\ELECTRO-RIMO\Desktop\Games Mods\Oxygen Not Included\Multiplayer Trade Mod\MultiplayerTrade.csproj]
  MultiplayerTrade -> C:\Users\ELECTRO-RIMO\Desktop\Games Mods\Oxygen Not Included\Multiplayer Trade Mod\bin\Release\net472\MultiplayerTrade.dll

Build succeeded.

C:\Users\ELECTRO-RIMO\Desktop\Games Mods\Oxygen Not Included\Multiplayer Trade Mod\src\Shared\MP_Timer.cs(24,26): warning CS8632: The annotation for nullable reference types should only be used in code within a '#nullable' annotations context. [C:\Users\ELECTRO-RIMO\Desktop\Games Mods\Oxygen Not Included\Multiplayer Trade Mod\MultiplayerTrade.csproj]
C:\Users\ELECTRO-RIMO\Desktop\Games Mods\Oxygen Not Included\Multiplayer Trade Mod\src\UI\lib\FUI\GridLayoutSizeAdjustment.cs(15,19): warning CS0649: Field 'GridLayoutSizeAdjustment.referencedLayoutGroup' is never assigned to, and will always have its default value null [C:\Users\ELECTRO-RIMO\Desktop\Games Mods\Oxygen Not Included\Multiplayer Trade Mod\MultiplayerTrade.csproj]
C:\Users\ELECTRO-RIMO\Desktop\Games Mods\Oxygen Not Included\Multiplayer Trade Mod\src\UI\lib\FUI\FButton.cs(24,18): warning CS0649: Field 'FButton.button' is never assigned to, and will always have its default value null [C:\Users\ELECTRO-RIMO\Desktop\Games Mods\Oxygen Not Included\Multiplayer Trade Mod\MultiplayerTrade.csproj]
C:\Users\ELECTRO-RIMO\Desktop\Games Mods\Oxygen Not Included\Multiplayer Trade Mod\src\UI\lib\FUI\FSlider.cs(17,17): warning CS0169: The field 'FSlider.lastMoveValue' is never used [C:\Users\ELECTRO-RIMO\Desktop\Games Mods\Oxygen Not Included\Multiplayer Trade Mod\MultiplayerTrade.csproj]
C:\Users\ELECTRO-RIMO\Desktop\Games Mods\Oxygen Not Included\Multiplayer Trade Mod\src\UI\lib\FUI\GridLayoutSizeAdjustment.cs(17,17): warning CS0649: Field 'GridLayoutSizeAdjustment.rectTransform' is never assigned to, and will always have its default value null [C:\Users\ELECTRO-RIMO\Desktop\Games Mods\Oxygen Not Included\Multiplayer Trade Mod\MultiplayerTrade.csproj]
C:\Users\ELECTRO-RIMO\Desktop\Games Mods\Oxygen Not Included\Multiplayer Trade Mod\src\UI\lib\FUI\FSlider.cs(16,17): warning CS0169: The field 'FSlider.lastMoveTime' is never used [C:\Users\ELECTRO-RIMO\Desktop\Games Mods\Oxygen Not Included\Multiplayer Trade Mod\MultiplayerTrade.csproj]
C:\Users\ELECTRO-RIMO\Desktop\Games Mods\Oxygen Not Included\Multiplayer Trade Mod\src\UI\lib\FUI\FSlider.cs(18,16): warning CS0169: The field 'FSlider.playedBoundaryBump' is never used [C:\Users\ELECTRO-RIMO\Desktop\Games Mods\Oxygen Not Included\Multiplayer Trade Mod\MultiplayerTrade.csproj]
C:\Users\ELECTRO-RIMO\Desktop\Games Mods\Oxygen Not Included\Multiplayer Trade Mod\src\UI\lib\TMPConversion\TMPImportFix.cs(23,19): warning CS0649: Field 'TMPImportFix.text' is never assigned to, and will always have its default value null [C:\Users\ELECTRO-RIMO\Desktop\Games Mods\Oxygen Not Included\Multiplayer Trade Mod\MultiplayerTrade.csproj]
C:\Users\ELECTRO-RIMO\Desktop\Games Mods\Oxygen Not Included\Multiplayer Trade Mod\src\UI\lib\FUI\FToggleButton.cs(24,18): warning CS0649: Field 'FToggleButton.button' is never assigned to, and will always have its default value null [C:\Users\ELECTRO-RIMO\Desktop\Games Mods\Oxygen Not Included\Multiplayer Trade Mod\MultiplayerTrade.csproj]
C:\Users\ELECTRO-RIMO\Desktop\Games Mods\Oxygen Not Included\Multiplayer Trade Mod\src\UI\lib\FUI\FSlider.cs(15,26): warning CS0414: The field 'FSlider.movePlayRate' is assigned but its value is never used [C:\Users\ELECTRO-RIMO\Desktop\Games Mods\Oxygen Not Included\Multiplayer Trade Mod\MultiplayerTrade.csproj]
C:\Users\ELECTRO-RIMO\Desktop\Games Mods\Oxygen Not Included\Multiplayer Trade Mod\src\UI\UnityMultiplayerScreen.cs(330,7): warning CS0414: The field 'UnityMultiplayerScreen.secondsPassed' is assigned but its value is never used [C:\Users\ELECTRO-RIMO\Desktop\Games Mods\Oxygen Not Included\Multiplayer Trade Mod\MultiplayerTrade.csproj]
C:\Users\ELECTRO-RIMO\Desktop\Games Mods\Oxygen Not Included\Multiplayer Trade Mod\src\UI\lib\FUI\FDialog.cs(14,12): warning CS0414: The field 'FScreen.ConsumeMouseScroll' is assigned but its value is never used [C:\Users\ELECTRO-RIMO\Desktop\Games Mods\Oxygen Not Included\Multiplayer Trade Mod\MultiplayerTrade.csproj]
C:\Users\ELECTRO-RIMO\Desktop\Games Mods\Oxygen Not Included\Multiplayer Trade Mod\src\UI\lib\FUI\FInputField2.cs(23,16): warning CS0414: The field 'FInputField2.DataTextUpdate' is assigned but its value is never used [C:\Users\ELECTRO-RIMO\Desktop\Games Mods\Oxygen Not Included\Multiplayer Trade Mod\MultiplayerTrade.csproj]
    13 Warning(s)
    0 Error(s)

Time Elapsed 00:00:02.36
