  Determining projects to restore...
  All projects are up-to-date for restore.
c:\Users\ELECTRO-RIMO\Desktop\Games Mods\Oxygen Not Included\Multiplayer Trade Mod\src\NetworkManager.cs(154,62): error CS0103: The name 'NetworkClient' does not exist in the current context [c:\Users\ELECTRO-RIMO\Desktop\Games Mods\Oxygen Not Included\Multiplayer Trade Mod\MultiplayerTrade.csproj]

Build FAILED.

c:\Users\ELECTRO-RIMO\Desktop\Games Mods\Oxygen Not Included\Multiplayer Trade Mod\src\NetworkManager.cs(154,62): error CS0103: The name 'NetworkClient' does not exist in the current context [c:\Users\ELECTRO-RIMO\Desktop\Games Mods\Oxygen Not Included\Multiplayer Trade Mod\MultiplayerTrade.csproj]
    0 Warning(s)
    1 Error(s)

Time Elapsed 00:00:02.22
